Component: ARM Compiler 5.06 update 7 (build 960) Tool: armlink [4d3601]

==============================================================================

Section Cross References

    main.o(.text) refers to _printf_percent.o(.ARM.Collect$$_printf_percent$$00000000) for _printf_percent
    main.o(.text) refers to _printf_d.o(.ARM.Collect$$_printf_percent$$00000009) for _printf_d
    main.o(.text) refers to _printf_dec.o(.text) for _printf_int_dec
    main.o(.text) refers to noretval__2printf.o(.text) for __2printf
    main.o(.text) refers to edk_api.o(.text) for clear_screen
    main.o(.text) refers to aeabi_sdiv.o(.text) for __aeabi_idivmod
    main.o(.text) refers to edk_driver.o(.text) for timer_init
    main.o(.text) refers to retarget.o(.text) for KBHIT
    main.o(.text) refers to main.o(.bss) for snake1
    main.o(.text) refers to main.o(.data) for score2
    main.o(.text) refers to main.o(.conststring) for .conststring
    cm0dsasm.o(STACK) refers (Special) to heapauxi.o(.text) for __use_two_region_memory
    cm0dsasm.o(HEAP) refers (Special) to heapauxi.o(.text) for __use_two_region_memory
    cm0dsasm.o(RESET) refers (Special) to heapauxi.o(.text) for __use_two_region_memory
    cm0dsasm.o(RESET) refers to cm0dsasm.o(.text) for Reset_Handler
    cm0dsasm.o(.text) refers (Special) to heapauxi.o(.text) for __use_two_region_memory
    cm0dsasm.o(.text) refers to main.o(.text) for Timer_ISR
    cm0dsasm.o(.text) refers to __main.o(!!!main) for __main
    cm0dsasm.o(.text) refers to cm0dsasm.o(HEAP) for Heap_Mem
    cm0dsasm.o(.text) refers to cm0dsasm.o(STACK) for Stack_Mem
    edk_api.o(.text) refers to edk_driver.o(.text) for VGA_plot_pixel
    edk_api.o(.text) refers to edk_api.o(.data) for dig4
    retarget.o(.rev16_text) refers (Special) to use_no_semi.o(.text) for __use_no_semihosting_swi
    retarget.o(.revsh_text) refers (Special) to use_no_semi.o(.text) for __use_no_semihosting_swi
    retarget.o(.text) refers (Special) to use_no_semi.o(.text) for __use_no_semihosting_swi
    retarget.o(.data) refers (Special) to use_no_semi.o(.text) for __use_no_semihosting_swi
    __2printf.o(.text) refers to _printf_char_file.o(.text) for _printf_char_file
    __2printf.o(.text) refers to retarget.o(.data) for __stdout
    noretval__2printf.o(.text) refers to _printf_char_file.o(.text) for _printf_char_file
    noretval__2printf.o(.text) refers to retarget.o(.data) for __stdout
    __printf.o(.text) refers to _printf_percent.o(.ARM.Collect$$_printf_percent$$00000000) for _printf_percent
    _printf_dec.o(.text) refers to rtudiv10.o(.text) for __rt_udiv10
    _printf_dec.o(.text) refers to _printf_intcommon.o(.text) for _printf_int_common
    __printf_flags.o(.text) refers to _printf_percent.o(.ARM.Collect$$_printf_percent$$00000000) for _printf_percent
    __printf_flags.o(.text) refers to __printf_flags.o(.constdata) for .constdata
    __printf_ss.o(.text) refers to _printf_percent.o(.ARM.Collect$$_printf_percent$$00000000) for _printf_percent
    __printf_flags_ss.o(.text) refers to _printf_percent.o(.ARM.Collect$$_printf_percent$$00000000) for _printf_percent
    __printf_flags_ss.o(.text) refers to __printf_flags_ss.o(.constdata) for .constdata
    __printf_wp.o(.text) refers to __printf_wp.o(i._is_digit) for _is_digit
    __printf_wp.o(.text) refers to _printf_percent.o(.ARM.Collect$$_printf_percent$$00000000) for _printf_percent
    __printf_flags_wp.o(.text) refers to __printf_wp.o(i._is_digit) for _is_digit
    __printf_flags_wp.o(.text) refers to _printf_percent.o(.ARM.Collect$$_printf_percent$$00000000) for _printf_percent
    __printf_flags_wp.o(.text) refers to __printf_flags_wp.o(.constdata) for .constdata
    __printf_ss_wp.o(.text) refers to __printf_wp.o(i._is_digit) for _is_digit
    __printf_ss_wp.o(.text) refers to _printf_percent.o(.ARM.Collect$$_printf_percent$$00000000) for _printf_percent
    __printf_flags_ss_wp.o(.text) refers to __printf_wp.o(i._is_digit) for _is_digit
    __printf_flags_ss_wp.o(.text) refers to _printf_percent.o(.ARM.Collect$$_printf_percent$$00000000) for _printf_percent
    __printf_flags_ss_wp.o(.text) refers to __printf_flags_ss_wp.o(.constdata) for .constdata
    _printf_d.o(.ARM.Collect$$_printf_percent$$00000009) refers (Weak) to _printf_dec.o(.text) for _printf_int_dec
    _printf_percent.o(.ARM.Collect$$_printf_percent$$00000000) refers (Special) to _printf_percent_end.o(.ARM.Collect$$_printf_percent$$00000017) for _printf_percent_end
    __main.o(!!!main) refers to __rtentry.o(.ARM.Collect$$rtentry$$00000000) for __rt_entry
    __rtentry.o(.ARM.Collect$$rtentry$$00000000) refers (Special) to __rtentry2.o(.ARM.Collect$$rtentry$$0000000A) for __rt_entry_li
    __rtentry.o(.ARM.Collect$$rtentry$$00000000) refers (Special) to __rtentry2.o(.ARM.Collect$$rtentry$$0000000D) for __rt_entry_main
    __rtentry.o(.ARM.Collect$$rtentry$$00000000) refers (Special) to __rtentry2.o(.ARM.Collect$$rtentry$$0000000C) for __rt_entry_postli_1
    __rtentry.o(.ARM.Collect$$rtentry$$00000000) refers (Special) to __rtentry2.o(.ARM.Collect$$rtentry$$00000009) for __rt_entry_postsh_1
    __rtentry.o(.ARM.Collect$$rtentry$$00000000) refers (Special) to __rtentry2.o(.ARM.Collect$$rtentry$$00000002) for __rt_entry_presh_1
    __rtentry.o(.ARM.Collect$$rtentry$$00000000) refers (Special) to __rtentry4.o(.ARM.Collect$$rtentry$$00000004) for __rt_entry_sh
    aeabi_idiv0_sigfpe.o(.text) refers to rt_div0.o(.text) for __rt_div0
    _printf_char_file.o(.text) refers to _printf_char_common.o(.text) for _printf_char_common
    _printf_char_file.o(.text) refers to retarget.o(.text) for ferror
    __rtentry2.o(.ARM.Collect$$rtentry$$00000008) refers to boardinit2.o(.text) for _platform_post_stackheap_init
    __rtentry2.o(.ARM.Collect$$rtentry$$0000000A) refers to libinit.o(.ARM.Collect$$libinit$$00000000) for __rt_lib_init
    __rtentry2.o(.ARM.Collect$$rtentry$$0000000B) refers to boardinit3.o(.text) for _platform_post_lib_init
    __rtentry2.o(.ARM.Collect$$rtentry$$0000000D) refers to main.o(.text) for main
    __rtentry2.o(.ARM.Collect$$rtentry$$0000000D) refers to exit.o(.text) for exit
    __rtentry2.o(.ARM.exidx) refers to __rtentry2.o(.ARM.Collect$$rtentry$$00000001) for .ARM.Collect$$rtentry$$00000001
    __rtentry2.o(.ARM.exidx) refers to __rtentry2.o(.ARM.Collect$$rtentry$$00000008) for .ARM.Collect$$rtentry$$00000008
    __rtentry2.o(.ARM.exidx) refers to __rtentry2.o(.ARM.Collect$$rtentry$$0000000A) for .ARM.Collect$$rtentry$$0000000A
    __rtentry2.o(.ARM.exidx) refers to __rtentry2.o(.ARM.Collect$$rtentry$$0000000B) for .ARM.Collect$$rtentry$$0000000B
    __rtentry2.o(.ARM.exidx) refers to __rtentry2.o(.ARM.Collect$$rtentry$$0000000D) for .ARM.Collect$$rtentry$$0000000D
    __rtentry4.o(.ARM.Collect$$rtentry$$00000004) refers to sys_stackheap_outer.o(.text) for __user_setup_stackheap
    __rtentry4.o(.ARM.exidx) refers to __rtentry4.o(.ARM.Collect$$rtentry$$00000004) for .ARM.Collect$$rtentry$$00000004
    rt_div0.o(.text) refers to defsig_fpe_outer.o(.text) for __rt_SIGFPE
    _printf_char_common.o(.text) refers to __printf.o(.text) for __printf
    sys_stackheap_outer.o(.text) refers to libspace.o(.text) for __user_perproc_libspace
    sys_stackheap_outer.o(.text) refers to cm0dsasm.o(.text) for __user_initial_stackheap
    sys_stackheap_outer.o(__vectab_stack_and_reset_area) refers to tempstk.o(.text) for __temporary_stack_top
    sys_stackheap_outer.o(__vectab_stack_and_reset_area) refers to __main.o(!!!main) for __main
    exit.o(.text) refers to rtexit.o(.ARM.Collect$$rtexit$$00000000) for __rt_exit
    defsig_fpe_outer.o(.text) refers to defsig_fpe_inner.o(.text) for __rt_SIGFPE_inner
    defsig_fpe_outer.o(.text) refers to defsig_exit.o(.text) for __sig_exit
    defsig_fpe_formal.o(.text) refers to rt_raise.o(.text) for __rt_raise
    libinit.o(.ARM.Collect$$libinit$$00000000) refers (Special) to libinit2.o(.ARM.Collect$$libinit$$0000002E) for __rt_lib_init_alloca_1
    libinit.o(.ARM.Collect$$libinit$$00000000) refers (Special) to libinit2.o(.ARM.Collect$$libinit$$0000002C) for __rt_lib_init_argv_1
    libinit.o(.ARM.Collect$$libinit$$00000000) refers (Special) to libinit2.o(.ARM.Collect$$libinit$$0000001B) for __rt_lib_init_atexit_1
    libinit.o(.ARM.Collect$$libinit$$00000000) refers (Special) to libinit2.o(.ARM.Collect$$libinit$$00000021) for __rt_lib_init_clock_1
    libinit.o(.ARM.Collect$$libinit$$00000000) refers (Special) to libinit2.o(.ARM.Collect$$libinit$$00000032) for __rt_lib_init_cpp_1
    libinit.o(.ARM.Collect$$libinit$$00000000) refers (Special) to libinit2.o(.ARM.Collect$$libinit$$00000030) for __rt_lib_init_exceptions_1
    libinit.o(.ARM.Collect$$libinit$$00000000) refers (Special) to libinit2.o(.ARM.Collect$$libinit$$00000002) for __rt_lib_init_fp_1
    libinit.o(.ARM.Collect$$libinit$$00000000) refers (Special) to libinit2.o(.ARM.Collect$$libinit$$0000001F) for __rt_lib_init_fp_trap_1
    libinit.o(.ARM.Collect$$libinit$$00000000) refers (Special) to libinit2.o(.ARM.Collect$$libinit$$00000023) for __rt_lib_init_getenv_1
    libinit.o(.ARM.Collect$$libinit$$00000000) refers (Special) to libinit2.o(.ARM.Collect$$libinit$$0000000A) for __rt_lib_init_heap_1
    libinit.o(.ARM.Collect$$libinit$$00000000) refers (Special) to libinit2.o(.ARM.Collect$$libinit$$00000011) for __rt_lib_init_lc_collate_1
    libinit.o(.ARM.Collect$$libinit$$00000000) refers (Special) to libinit2.o(.ARM.Collect$$libinit$$00000013) for __rt_lib_init_lc_ctype_1
    libinit.o(.ARM.Collect$$libinit$$00000000) refers (Special) to libinit2.o(.ARM.Collect$$libinit$$00000015) for __rt_lib_init_lc_monetary_1
    libinit.o(.ARM.Collect$$libinit$$00000000) refers (Special) to libinit2.o(.ARM.Collect$$libinit$$00000017) for __rt_lib_init_lc_numeric_1
    libinit.o(.ARM.Collect$$libinit$$00000000) refers (Special) to libinit2.o(.ARM.Collect$$libinit$$00000019) for __rt_lib_init_lc_time_1
    libinit.o(.ARM.Collect$$libinit$$00000000) refers (Special) to libinit2.o(.ARM.Collect$$libinit$$00000004) for __rt_lib_init_preinit_1
    libinit.o(.ARM.Collect$$libinit$$00000000) refers (Special) to libinit2.o(.ARM.Collect$$libinit$$0000000E) for __rt_lib_init_rand_1
    libinit.o(.ARM.Collect$$libinit$$00000000) refers (Special) to libinit2.o(.ARM.Collect$$libinit$$00000033) for __rt_lib_init_return
    libinit.o(.ARM.Collect$$libinit$$00000000) refers (Special) to libinit2.o(.ARM.Collect$$libinit$$0000001D) for __rt_lib_init_signal_1
    libinit.o(.ARM.Collect$$libinit$$00000000) refers (Special) to libinit2.o(.ARM.Collect$$libinit$$00000025) for __rt_lib_init_stdio_1
    libinit.o(.ARM.Collect$$libinit$$00000000) refers (Special) to libinit2.o(.ARM.Collect$$libinit$$0000000C) for __rt_lib_init_user_alloc_1
    libspace.o(.text) refers to libspace.o(.bss) for __libspace_start
    rtexit.o(.ARM.Collect$$rtexit$$00000000) refers (Special) to rtexit2.o(.ARM.Collect$$rtexit$$00000004) for __rt_exit_exit
    rtexit.o(.ARM.Collect$$rtexit$$00000000) refers (Special) to rtexit2.o(.ARM.Collect$$rtexit$$00000003) for __rt_exit_ls
    rtexit.o(.ARM.Collect$$rtexit$$00000000) refers (Special) to rtexit2.o(.ARM.Collect$$rtexit$$00000002) for __rt_exit_prels_1
    rtexit.o(.ARM.exidx) refers (Special) to rtexit2.o(.ARM.Collect$$rtexit$$00000004) for __rt_exit_exit
    rtexit.o(.ARM.exidx) refers (Special) to rtexit2.o(.ARM.Collect$$rtexit$$00000003) for __rt_exit_ls
    rtexit.o(.ARM.exidx) refers (Special) to rtexit2.o(.ARM.Collect$$rtexit$$00000002) for __rt_exit_prels_1
    rtexit.o(.ARM.exidx) refers to rtexit.o(.ARM.Collect$$rtexit$$00000000) for .ARM.Collect$$rtexit$$00000000
    rt_raise.o(.text) refers to __raise.o(.text) for __raise
    rt_raise.o(.text) refers to retarget.o(.text) for _sys_exit
    defsig_exit.o(.text) refers to retarget.o(.text) for _sys_exit
    defsig_fpe_inner.o(.text) refers to defsig_general.o(.text) for __default_signal_display
    libinit2.o(.ARM.Collect$$libinit$$00000010) refers to libinit2.o(.ARM.Collect$$libinit$$0000000F) for .ARM.Collect$$libinit$$0000000F
    libinit2.o(.ARM.Collect$$libinit$$00000012) refers to libinit2.o(.ARM.Collect$$libinit$$0000000F) for .ARM.Collect$$libinit$$0000000F
    libinit2.o(.ARM.Collect$$libinit$$00000014) refers to libinit2.o(.ARM.Collect$$libinit$$0000000F) for .ARM.Collect$$libinit$$0000000F
    libinit2.o(.ARM.Collect$$libinit$$00000016) refers to libinit2.o(.ARM.Collect$$libinit$$0000000F) for .ARM.Collect$$libinit$$0000000F
    libinit2.o(.ARM.Collect$$libinit$$00000018) refers to libinit2.o(.ARM.Collect$$libinit$$0000000F) for .ARM.Collect$$libinit$$0000000F
    libinit2.o(.ARM.Collect$$libinit$$00000026) refers to argv_veneer.o(.text) for __ARM_argv_veneer
    libinit2.o(.ARM.Collect$$libinit$$00000027) refers to argv_veneer.o(.text) for __ARM_argv_veneer
    rtexit2.o(.ARM.Collect$$rtexit$$00000003) refers to libshutdown.o(.ARM.Collect$$libshutdown$$00000000) for __rt_lib_shutdown
    rtexit2.o(.ARM.Collect$$rtexit$$00000004) refers to retarget.o(.text) for _sys_exit
    rtexit2.o(.ARM.exidx) refers to rtexit2.o(.ARM.Collect$$rtexit$$00000001) for .ARM.Collect$$rtexit$$00000001
    rtexit2.o(.ARM.exidx) refers to rtexit2.o(.ARM.Collect$$rtexit$$00000003) for .ARM.Collect$$rtexit$$00000003
    rtexit2.o(.ARM.exidx) refers to rtexit2.o(.ARM.Collect$$rtexit$$00000004) for .ARM.Collect$$rtexit$$00000004
    __raise.o(.text) refers to defsig.o(CL$$defsig) for __default_signal_handler
    defsig_general.o(.text) refers to retarget.o(.text) for _ttywrch
    defsig.o(CL$$defsig) refers to defsig_fpe_inner.o(.text) for __rt_SIGFPE_inner
    defsig.o(CL$$defsig) refers to defsig_rtmem_inner.o(.text) for __rt_SIGRTMEM_inner
    _get_argv_nomalloc.o(.text) refers (Special) to hrguard.o(.text) for __heap_region$guard
    _get_argv_nomalloc.o(.text) refers to defsig_rtmem_outer.o(.text) for __rt_SIGRTMEM
    _get_argv_nomalloc.o(.text) refers to sys_command.o(.text) for _sys_command_string
    libshutdown.o(.ARM.Collect$$libshutdown$$00000000) refers (Special) to libshutdown2.o(.ARM.Collect$$libshutdown$$00000004) for __rt_lib_shutdown_cpp_1
    libshutdown.o(.ARM.Collect$$libshutdown$$00000000) refers (Special) to libshutdown2.o(.ARM.Collect$$libshutdown$$00000002) for __rt_lib_shutdown_fini_1
    libshutdown.o(.ARM.Collect$$libshutdown$$00000000) refers (Special) to libshutdown2.o(.ARM.Collect$$libshutdown$$00000009) for __rt_lib_shutdown_fp_trap_1
    libshutdown.o(.ARM.Collect$$libshutdown$$00000000) refers (Special) to libshutdown2.o(.ARM.Collect$$libshutdown$$00000011) for __rt_lib_shutdown_heap_1
    libshutdown.o(.ARM.Collect$$libshutdown$$00000000) refers (Special) to libshutdown2.o(.ARM.Collect$$libshutdown$$00000012) for __rt_lib_shutdown_return
    libshutdown.o(.ARM.Collect$$libshutdown$$00000000) refers (Special) to libshutdown2.o(.ARM.Collect$$libshutdown$$0000000C) for __rt_lib_shutdown_signal_1
    libshutdown.o(.ARM.Collect$$libshutdown$$00000000) refers (Special) to libshutdown2.o(.ARM.Collect$$libshutdown$$00000006) for __rt_lib_shutdown_stdio_1
    libshutdown.o(.ARM.Collect$$libshutdown$$00000000) refers (Special) to libshutdown2.o(.ARM.Collect$$libshutdown$$0000000E) for __rt_lib_shutdown_user_alloc_1
    sys_command.o(.text) refers (Special) to use_no_semi.o(.text) for __I$use$semihosting
    sys_command.o(.text) refers (Special) to indicate_semi.o(.text) for __semihosting_library_function
    defsig_abrt_inner.o(.text) refers to defsig_general.o(.text) for __default_signal_display
    defsig_rtred_inner.o(.text) refers to defsig_general.o(.text) for __default_signal_display
    defsig_rtmem_inner.o(.text) refers to defsig_general.o(.text) for __default_signal_display
    defsig_rtmem_outer.o(.text) refers to defsig_rtmem_inner.o(.text) for __rt_SIGRTMEM_inner
    defsig_rtmem_outer.o(.text) refers to defsig_exit.o(.text) for __sig_exit
    defsig_rtmem_formal.o(.text) refers to rt_raise.o(.text) for __rt_raise
    defsig_stak_inner.o(.text) refers to defsig_general.o(.text) for __default_signal_display
    defsig_pvfn_inner.o(.text) refers to defsig_general.o(.text) for __default_signal_display
    defsig_cppl_inner.o(.text) refers to defsig_general.o(.text) for __default_signal_display
    defsig_segv_inner.o(.text) refers to defsig_general.o(.text) for __default_signal_display
    defsig_other.o(.text) refers to defsig_general.o(.text) for __default_signal_display


==============================================================================

Removing Unused input sections from the image.

    Removing main.o(.rev16_text), (4 bytes).
    Removing main.o(.revsh_text), (4 bytes).
    Removing edk_driver.o(.rev16_text), (4 bytes).
    Removing edk_driver.o(.revsh_text), (4 bytes).
    Removing edk_driver.o(.data), (4 bytes).
    Removing edk_api.o(.rev16_text), (4 bytes).
    Removing edk_api.o(.revsh_text), (4 bytes).
    Removing retarget.o(.rev16_text), (4 bytes).
    Removing retarget.o(.revsh_text), (4 bytes).

9 unused section(s) (total 36 bytes) removed from the image.

==============================================================================

Image Symbol Table

    Local Symbols

    Symbol Name                              Value     Ov Type        Size  Object(Section)

    RESET                                    0x00000000   Section      128  cm0dsasm.o(RESET)
    ../clib/angel/boardlib.s                 0x00000000   Number         0  boardinit2.o ABSOLUTE
    ../clib/angel/boardlib.s                 0x00000000   Number         0  boardinit3.o ABSOLUTE
    ../clib/angel/boardlib.s                 0x00000000   Number         0  boardinit1.o ABSOLUTE
    ../clib/angel/boardlib.s                 0x00000000   Number         0  boardshut.o ABSOLUTE
    ../clib/angel/handlers.s                 0x00000000   Number         0  __scatter_zi.o ABSOLUTE
    ../clib/angel/kernel.s                   0x00000000   Number         0  __rtentry2.o ABSOLUTE
    ../clib/angel/kernel.s                   0x00000000   Number         0  __rtentry4.o ABSOLUTE
    ../clib/angel/kernel.s                   0x00000000   Number         0  rtexit2.o ABSOLUTE
    ../clib/angel/kernel.s                   0x00000000   Number         0  __rtentry.o ABSOLUTE
    ../clib/angel/kernel.s                   0x00000000   Number         0  rtexit.o ABSOLUTE
    ../clib/angel/rt.s                       0x00000000   Number         0  rt_raise.o ABSOLUTE
    ../clib/angel/rt.s                       0x00000000   Number         0  aeabi_idiv0.o ABSOLUTE
    ../clib/angel/rt.s                       0x00000000   Number         0  aeabi_idiv0_sigfpe.o ABSOLUTE
    ../clib/angel/rt.s                       0x00000000   Number         0  rt_div0.o ABSOLUTE
    ../clib/angel/scatterp.s                 0x00000000   Number         0  __scatter.o ABSOLUTE
    ../clib/angel/startup.s                  0x00000000   Number         0  __main.o ABSOLUTE
    ../clib/angel/sys.s                      0x00000000   Number         0  sys_stackheap_outer.o ABSOLUTE
    ../clib/angel/sys.s                      0x00000000   Number         0  tempstk.o ABSOLUTE
    ../clib/angel/sys.s                      0x00000000   Number         0  use_no_semi.o ABSOLUTE
    ../clib/angel/sys.s                      0x00000000   Number         0  libspace.o ABSOLUTE
    ../clib/angel/sys.s                      0x00000000   Number         0  indicate_semi.o ABSOLUTE
    ../clib/angel/sysapp.c                   0x00000000   Number         0  sys_command.o ABSOLUTE
    ../clib/armsys.c                         0x00000000   Number         0  argv_veneer.o ABSOLUTE
    ../clib/armsys.c                         0x00000000   Number         0  _get_argv_nomalloc.o ABSOLUTE
    ../clib/armsys.c                         0x00000000   Number         0  no_argv.o ABSOLUTE
    ../clib/division.c                       0x00000000   Number         0  rtudiv10.o ABSOLUTE
    ../clib/division.s                       0x00000000   Number         0  aeabi_sdiv_div0.o ABSOLUTE
    ../clib/division.s                       0x00000000   Number         0  aeabi_sdiv.o ABSOLUTE
    ../clib/heapalloc.c                      0x00000000   Number         0  hrguard.o ABSOLUTE
    ../clib/heapaux.c                        0x00000000   Number         0  heapauxi.o ABSOLUTE
    ../clib/libinit.s                        0x00000000   Number         0  libinit.o ABSOLUTE
    ../clib/libinit.s                        0x00000000   Number         0  libinit2.o ABSOLUTE
    ../clib/libinit.s                        0x00000000   Number         0  libshutdown.o ABSOLUTE
    ../clib/libinit.s                        0x00000000   Number         0  libshutdown2.o ABSOLUTE
    ../clib/printf.c                         0x00000000   Number         0  __printf_ss_wp.o ABSOLUTE
    ../clib/printf.c                         0x00000000   Number         0  __printf_flags_ss_wp.o ABSOLUTE
    ../clib/printf.c                         0x00000000   Number         0  __printf_flags_wp.o ABSOLUTE
    ../clib/printf.c                         0x00000000   Number         0  __printf_flags_ss.o ABSOLUTE
    ../clib/printf.c                         0x00000000   Number         0  _printf_char_file.o ABSOLUTE
    ../clib/printf.c                         0x00000000   Number         0  noretval__2printf.o ABSOLUTE
    ../clib/printf.c                         0x00000000   Number         0  __printf.o ABSOLUTE
    ../clib/printf.c                         0x00000000   Number         0  __printf_wp.o ABSOLUTE
    ../clib/printf.c                         0x00000000   Number         0  _printf_dec.o ABSOLUTE
    ../clib/printf.c                         0x00000000   Number         0  __printf_nopercent.o ABSOLUTE
    ../clib/printf.c                         0x00000000   Number         0  __printf_flags.o ABSOLUTE
    ../clib/printf.c                         0x00000000   Number         0  _printf_intcommon.o ABSOLUTE
    ../clib/printf.c                         0x00000000   Number         0  _printf_char_common.o ABSOLUTE
    ../clib/printf.c                         0x00000000   Number         0  __2printf.o ABSOLUTE
    ../clib/printf.c                         0x00000000   Number         0  __printf_ss.o ABSOLUTE
    ../clib/printf_percent.s                 0x00000000   Number         0  _printf_d.o ABSOLUTE
    ../clib/printf_percent.s                 0x00000000   Number         0  _printf_percent.o ABSOLUTE
    ../clib/printf_percent.s                 0x00000000   Number         0  _printf_percent_end.o ABSOLUTE
    ../clib/signal.c                         0x00000000   Number         0  defsig_segv_inner.o ABSOLUTE
    ../clib/signal.c                         0x00000000   Number         0  defsig_fpe_formal.o ABSOLUTE
    ../clib/signal.c                         0x00000000   Number         0  defsig_abrt_inner.o ABSOLUTE
    ../clib/signal.c                         0x00000000   Number         0  defsig_rtred_inner.o ABSOLUTE
    ../clib/signal.c                         0x00000000   Number         0  defsig_fpe_outer.o ABSOLUTE
    ../clib/signal.c                         0x00000000   Number         0  __raise.o ABSOLUTE
    ../clib/signal.c                         0x00000000   Number         0  defsig_general.o ABSOLUTE
    ../clib/signal.c                         0x00000000   Number         0  defsig_rtmem_formal.o ABSOLUTE
    ../clib/signal.c                         0x00000000   Number         0  defsig_stak_inner.o ABSOLUTE
    ../clib/signal.c                         0x00000000   Number         0  defsig_pvfn_inner.o ABSOLUTE
    ../clib/signal.c                         0x00000000   Number         0  defsig_cppl_inner.o ABSOLUTE
    ../clib/signal.c                         0x00000000   Number         0  defsig_other.o ABSOLUTE
    ../clib/signal.c                         0x00000000   Number         0  defsig_rtmem_inner.o ABSOLUTE
    ../clib/signal.c                         0x00000000   Number         0  defsig_rtmem_outer.o ABSOLUTE
    ../clib/signal.c                         0x00000000   Number         0  defsig_fpe_inner.o ABSOLUTE
    ../clib/signal.c                         0x00000000   Number         0  defsig_exit.o ABSOLUTE
    ../clib/signal.s                         0x00000000   Number         0  defsig.o ABSOLUTE
    ../clib/stdlib.c                         0x00000000   Number         0  exit.o ABSOLUTE
    ../fplib/cfplib/fpinit.c                 0x00000000   Number         0  fpinit.o ABSOLUTE
    ..\Files\Software\Application\main.c     0x00000000   Number         0  main.o ABSOLUTE
    ..\Files\Software\device\cm0dsasm.s      0x00000000   Number         0  cm0dsasm.o ABSOLUTE
    ..\Files\Software\device\edk_api.c       0x00000000   Number         0  edk_api.o ABSOLUTE
    ..\Files\Software\device\edk_driver.c    0x00000000   Number         0  edk_driver.o ABSOLUTE
    ..\Files\Software\device\retarget.c      0x00000000   Number         0  retarget.o ABSOLUTE
    ..\\Files\\Software\\Application\\main.c 0x00000000   Number         0  main.o ABSOLUTE
    ..\\Files\\Software\\device\\edk_api.c   0x00000000   Number         0  edk_api.o ABSOLUTE
    ..\\Files\\Software\\device\\edk_driver.c 0x00000000   Number         0  edk_driver.o ABSOLUTE
    ..\\Files\\Software\\device\\retarget.c  0x00000000   Number         0  retarget.o ABSOLUTE
    dc.s                                     0x00000000   Number         0  dc.o ABSOLUTE
    !!!main                                  0x00000080   Section        8  __main.o(!!!main)
    !!!scatter                               0x00000088   Section       60  __scatter.o(!!!scatter)
    !!handler_zi                             0x000000c4   Section       28  __scatter_zi.o(!!handler_zi)
    .ARM.Collect$$_printf_percent$$00000000  0x000000e0   Section        2  _printf_percent.o(.ARM.Collect$$_printf_percent$$00000000)
    .ARM.Collect$$_printf_percent$$00000009  0x000000e2   Section       10  _printf_d.o(.ARM.Collect$$_printf_percent$$00000009)
    .ARM.Collect$$_printf_percent$$00000017  0x000000ec   Section        4  _printf_percent_end.o(.ARM.Collect$$_printf_percent$$00000017)
    .ARM.Collect$$libinit$$00000000          0x000000f0   Section        2  libinit.o(.ARM.Collect$$libinit$$00000000)
    .ARM.Collect$$libinit$$00000002          0x000000f2   Section        0  libinit2.o(.ARM.Collect$$libinit$$00000002)
    .ARM.Collect$$libinit$$00000004          0x000000f2   Section        0  libinit2.o(.ARM.Collect$$libinit$$00000004)
    .ARM.Collect$$libinit$$0000000A          0x000000f2   Section        0  libinit2.o(.ARM.Collect$$libinit$$0000000A)
    .ARM.Collect$$libinit$$0000000C          0x000000f2   Section        0  libinit2.o(.ARM.Collect$$libinit$$0000000C)
    .ARM.Collect$$libinit$$0000000E          0x000000f2   Section        0  libinit2.o(.ARM.Collect$$libinit$$0000000E)
    .ARM.Collect$$libinit$$00000011          0x000000f2   Section        0  libinit2.o(.ARM.Collect$$libinit$$00000011)
    .ARM.Collect$$libinit$$00000013          0x000000f2   Section        0  libinit2.o(.ARM.Collect$$libinit$$00000013)
    .ARM.Collect$$libinit$$00000015          0x000000f2   Section        0  libinit2.o(.ARM.Collect$$libinit$$00000015)
    .ARM.Collect$$libinit$$00000017          0x000000f2   Section        0  libinit2.o(.ARM.Collect$$libinit$$00000017)
    .ARM.Collect$$libinit$$00000019          0x000000f2   Section        0  libinit2.o(.ARM.Collect$$libinit$$00000019)
    .ARM.Collect$$libinit$$0000001B          0x000000f2   Section        0  libinit2.o(.ARM.Collect$$libinit$$0000001B)
    .ARM.Collect$$libinit$$0000001D          0x000000f2   Section        0  libinit2.o(.ARM.Collect$$libinit$$0000001D)
    .ARM.Collect$$libinit$$0000001F          0x000000f2   Section        0  libinit2.o(.ARM.Collect$$libinit$$0000001F)
    .ARM.Collect$$libinit$$00000021          0x000000f2   Section        0  libinit2.o(.ARM.Collect$$libinit$$00000021)
    .ARM.Collect$$libinit$$00000023          0x000000f2   Section        0  libinit2.o(.ARM.Collect$$libinit$$00000023)
    .ARM.Collect$$libinit$$00000025          0x000000f2   Section        0  libinit2.o(.ARM.Collect$$libinit$$00000025)
    .ARM.Collect$$libinit$$0000002C          0x000000f2   Section        0  libinit2.o(.ARM.Collect$$libinit$$0000002C)
    .ARM.Collect$$libinit$$0000002E          0x000000f2   Section        0  libinit2.o(.ARM.Collect$$libinit$$0000002E)
    .ARM.Collect$$libinit$$00000030          0x000000f2   Section        0  libinit2.o(.ARM.Collect$$libinit$$00000030)
    .ARM.Collect$$libinit$$00000032          0x000000f2   Section        0  libinit2.o(.ARM.Collect$$libinit$$00000032)
    .ARM.Collect$$libinit$$00000033          0x000000f2   Section        2  libinit2.o(.ARM.Collect$$libinit$$00000033)
    .ARM.Collect$$libshutdown$$00000000      0x000000f4   Section        2  libshutdown.o(.ARM.Collect$$libshutdown$$00000000)
    .ARM.Collect$$libshutdown$$00000002      0x000000f6   Section        0  libshutdown2.o(.ARM.Collect$$libshutdown$$00000002)
    .ARM.Collect$$libshutdown$$00000004      0x000000f6   Section        0  libshutdown2.o(.ARM.Collect$$libshutdown$$00000004)
    .ARM.Collect$$libshutdown$$00000006      0x000000f6   Section        0  libshutdown2.o(.ARM.Collect$$libshutdown$$00000006)
    .ARM.Collect$$libshutdown$$00000009      0x000000f6   Section        0  libshutdown2.o(.ARM.Collect$$libshutdown$$00000009)
    .ARM.Collect$$libshutdown$$0000000C      0x000000f6   Section        0  libshutdown2.o(.ARM.Collect$$libshutdown$$0000000C)
    .ARM.Collect$$libshutdown$$0000000E      0x000000f6   Section        0  libshutdown2.o(.ARM.Collect$$libshutdown$$0000000E)
    .ARM.Collect$$libshutdown$$00000011      0x000000f6   Section        0  libshutdown2.o(.ARM.Collect$$libshutdown$$00000011)
    .ARM.Collect$$libshutdown$$00000012      0x000000f6   Section        2  libshutdown2.o(.ARM.Collect$$libshutdown$$00000012)
    .ARM.Collect$$rtentry$$00000000          0x000000f8   Section        0  __rtentry.o(.ARM.Collect$$rtentry$$00000000)
    .ARM.Collect$$rtentry$$00000002          0x000000f8   Section        0  __rtentry2.o(.ARM.Collect$$rtentry$$00000002)
    .ARM.Collect$$rtentry$$00000004          0x000000f8   Section        6  __rtentry4.o(.ARM.Collect$$rtentry$$00000004)
    .ARM.Collect$$rtentry$$00000009          0x000000fe   Section        0  __rtentry2.o(.ARM.Collect$$rtentry$$00000009)
    .ARM.Collect$$rtentry$$0000000A          0x000000fe   Section        4  __rtentry2.o(.ARM.Collect$$rtentry$$0000000A)
    .ARM.Collect$$rtentry$$0000000C          0x00000102   Section        0  __rtentry2.o(.ARM.Collect$$rtentry$$0000000C)
    .ARM.Collect$$rtentry$$0000000D          0x00000102   Section        8  __rtentry2.o(.ARM.Collect$$rtentry$$0000000D)
    .ARM.Collect$$rtexit$$00000000           0x0000010a   Section        2  rtexit.o(.ARM.Collect$$rtexit$$00000000)
    .ARM.Collect$$rtexit$$00000002           0x0000010c   Section        0  rtexit2.o(.ARM.Collect$$rtexit$$00000002)
    .ARM.Collect$$rtexit$$00000003           0x0000010c   Section        4  rtexit2.o(.ARM.Collect$$rtexit$$00000003)
    .ARM.Collect$$rtexit$$00000004           0x00000110   Section        6  rtexit2.o(.ARM.Collect$$rtexit$$00000004)
    .text                                    0x00000118   Section        0  main.o(.text)
    NVIC_EnableIRQ                           0x00001055   Thumb Code    14  main.o(.text)
    NVIC_DisableIRQ                          0x00001063   Thumb Code    16  main.o(.text)
    .text                                    0x00001078   Section       52  cm0dsasm.o(.text)
    .text                                    0x000010ac   Section        0  edk_driver.o(.text)
    .text                                    0x00001130   Section        0  edk_api.o(.text)
    NVIC_SetPriority                         0x00001131   Thumb Code   110  edk_api.o(.text)
    .text                                    0x000012e0   Section        0  retarget.o(.text)
    .text                                    0x00001344   Section        2  use_no_semi.o(.text)
    .text                                    0x00001348   Section        0  noretval__2printf.o(.text)
    .text                                    0x00001364   Section        0  __printf.o(.text)
    .text                                    0x000013d0   Section        0  _printf_dec.o(.text)
    .text                                    0x0000143c   Section      346  aeabi_sdiv.o(.text)
    .text                                    0x00001596   Section        0  heapauxi.o(.text)
    .text                                    0x0000159c   Section        0  _printf_intcommon.o(.text)
    .text                                    0x0000164c   Section        0  _printf_char_file.o(.text)
    .text                                    0x00001674   Section        0  rtudiv10.o(.text)
    .text                                    0x0000169c   Section        0  _printf_char_common.o(.text)
    _printf_input_char                       0x0000169d   Thumb Code    10  _printf_char_common.o(.text)
    .text                                    0x000016cc   Section       62  sys_stackheap_outer.o(.text)
    .text                                    0x0000170a   Section        0  exit.o(.text)
    .text                                    0x0000171c   Section        8  libspace.o(.text)
    .conststring                             0x00001724   Section      469  main.o(.conststring)
    .data                                    0x0000190c   Section       80  main.o(.data)
    dig1                                     0x0000190c   Data           1  main.o(.data)
    dig2                                     0x0000190d   Data           1  main.o(.data)
    dig3                                     0x0000190e   Data           1  main.o(.data)
    dig4                                     0x0000190f   Data           1  main.o(.data)
    i                                        0x00001910   Data           4  main.o(.data)
    j                                        0x00001914   Data           4  main.o(.data)
    key                                      0x00001918   Data           1  main.o(.data)
    score1                                   0x0000191c   Data           4  main.o(.data)
    score2                                   0x00001920   Data           4  main.o(.data)
    pause                                    0x00001924   Data           4  main.o(.data)
    snake1_has_moved                         0x00001928   Data           4  main.o(.data)
    snake2_has_moved                         0x0000192c   Data           4  main.o(.data)
    gamespeed                                0x00001930   Data           4  main.o(.data)
    speed_table                              0x00001934   Data          40  main.o(.data)
    .data                                    0x0000195c   Section        4  edk_api.o(.data)
    dig1                                     0x0000195c   Data           1  edk_api.o(.data)
    dig2                                     0x0000195d   Data           1  edk_api.o(.data)
    dig3                                     0x0000195e   Data           1  edk_api.o(.data)
    dig4                                     0x0000195f   Data           1  edk_api.o(.data)
    .data                                    0x00001960   Section       12  retarget.o(.data)
    dig1                                     0x00001960   Data           1  retarget.o(.data)
    dig2                                     0x00001961   Data           1  retarget.o(.data)
    dig3                                     0x00001962   Data           1  retarget.o(.data)
    dig4                                     0x00001963   Data           1  retarget.o(.data)
    .bss                                     0x0000196c   Section     1628  main.o(.bss)
    .bss                                     0x00001fc8   Section       96  libspace.o(.bss)
    HEAP                                     0x00002030   Section     1024  cm0dsasm.o(HEAP)
    Heap_Mem                                 0x00002030   Data        1024  cm0dsasm.o(HEAP)
    STACK                                    0x00002430   Section     1024  cm0dsasm.o(STACK)
    Stack_Mem                                0x00002430   Data        1024  cm0dsasm.o(STACK)

    Global Symbols

    Symbol Name                              Value     Ov Type        Size  Object(Section)

    BuildAttributes$$THM_ISAv3M$S$PE$A:L22$X:L11$S22$IEEE1$IW$USESV6$~STKCKD$USESV7$~SHL$OSPACE$ROPI$EBA8$UX$STANDARDLIB$REQ8$PRES8$EABIv2 0x00000000   Number         0  anon$$obj.o ABSOLUTE
    __ARM_use_no_argv                        0x00000000   Number         0  main.o ABSOLUTE
    __Vectors                                0x00000000   Data           4  cm0dsasm.o(RESET)
    __ARM_exceptions_init                     - Undefined Weak Reference
    __alloca_initialize                       - Undefined Weak Reference
    __arm_fini_                               - Undefined Weak Reference
    __arm_preinit_                            - Undefined Weak Reference
    __cpp_initialize__aeabi_                  - Undefined Weak Reference
    __cxa_finalize                            - Undefined Weak Reference
    __rt_locale                               - Undefined Weak Reference
    __sigvec_lookup                           - Undefined Weak Reference
    _atexit_init                              - Undefined Weak Reference
    _call_atexit_fns                          - Undefined Weak Reference
    _clock_init                               - Undefined Weak Reference
    _fp_trap_init                             - Undefined Weak Reference
    _fp_trap_shutdown                         - Undefined Weak Reference
    _get_lc_collate                           - Undefined Weak Reference
    _get_lc_ctype                             - Undefined Weak Reference
    _get_lc_monetary                          - Undefined Weak Reference
    _get_lc_numeric                           - Undefined Weak Reference
    _get_lc_time                              - Undefined Weak Reference
    _getenv_init                              - Undefined Weak Reference
    _handle_redirection                       - Undefined Weak Reference
    _init_alloc                               - Undefined Weak Reference
    _init_user_alloc                          - Undefined Weak Reference
    _initio                                   - Undefined Weak Reference
    _printf_post_padding                      - Undefined Weak Reference
    _printf_pre_padding                       - Undefined Weak Reference
    _printf_truncate_signed                   - Undefined Weak Reference
    _printf_truncate_unsigned                 - Undefined Weak Reference
    _rand_init                                - Undefined Weak Reference
    _signal_finish                            - Undefined Weak Reference
    _signal_init                              - Undefined Weak Reference
    _terminate_alloc                          - Undefined Weak Reference
    _terminate_user_alloc                     - Undefined Weak Reference
    _terminateio                              - Undefined Weak Reference
    __main                                   0x00000081   Thumb Code     8  __main.o(!!!main)
    __scatterload                            0x00000089   Thumb Code     0  __scatter.o(!!!scatter)
    __scatterload_rt2                        0x00000089   Thumb Code    52  __scatter.o(!!!scatter)
    __scatterload_rt2_thumb_only             0x00000089   Thumb Code     0  __scatter.o(!!!scatter)
    __scatterload_null                       0x00000099   Thumb Code     0  __scatter.o(!!!scatter)
    __scatterload_zeroinit                   0x000000c5   Thumb Code    28  __scatter_zi.o(!!handler_zi)
    _printf_percent                          0x000000e1   Thumb Code     0  _printf_percent.o(.ARM.Collect$$_printf_percent$$00000000)
    _printf_d                                0x000000e3   Thumb Code     0  _printf_d.o(.ARM.Collect$$_printf_percent$$00000009)
    _printf_percent_end                      0x000000ed   Thumb Code     0  _printf_percent_end.o(.ARM.Collect$$_printf_percent$$00000017)
    __rt_lib_init                            0x000000f1   Thumb Code     0  libinit.o(.ARM.Collect$$libinit$$00000000)
    __rt_lib_init_alloca_1                   0x000000f3   Thumb Code     0  libinit2.o(.ARM.Collect$$libinit$$0000002E)
    __rt_lib_init_argv_1                     0x000000f3   Thumb Code     0  libinit2.o(.ARM.Collect$$libinit$$0000002C)
    __rt_lib_init_atexit_1                   0x000000f3   Thumb Code     0  libinit2.o(.ARM.Collect$$libinit$$0000001B)
    __rt_lib_init_clock_1                    0x000000f3   Thumb Code     0  libinit2.o(.ARM.Collect$$libinit$$00000021)
    __rt_lib_init_cpp_1                      0x000000f3   Thumb Code     0  libinit2.o(.ARM.Collect$$libinit$$00000032)
    __rt_lib_init_exceptions_1               0x000000f3   Thumb Code     0  libinit2.o(.ARM.Collect$$libinit$$00000030)
    __rt_lib_init_fp_1                       0x000000f3   Thumb Code     0  libinit2.o(.ARM.Collect$$libinit$$00000002)
    __rt_lib_init_fp_trap_1                  0x000000f3   Thumb Code     0  libinit2.o(.ARM.Collect$$libinit$$0000001F)
    __rt_lib_init_getenv_1                   0x000000f3   Thumb Code     0  libinit2.o(.ARM.Collect$$libinit$$00000023)
    __rt_lib_init_heap_1                     0x000000f3   Thumb Code     0  libinit2.o(.ARM.Collect$$libinit$$0000000A)
    __rt_lib_init_lc_collate_1               0x000000f3   Thumb Code     0  libinit2.o(.ARM.Collect$$libinit$$00000011)
    __rt_lib_init_lc_ctype_1                 0x000000f3   Thumb Code     0  libinit2.o(.ARM.Collect$$libinit$$00000013)
    __rt_lib_init_lc_monetary_1              0x000000f3   Thumb Code     0  libinit2.o(.ARM.Collect$$libinit$$00000015)
    __rt_lib_init_lc_numeric_1               0x000000f3   Thumb Code     0  libinit2.o(.ARM.Collect$$libinit$$00000017)
    __rt_lib_init_lc_time_1                  0x000000f3   Thumb Code     0  libinit2.o(.ARM.Collect$$libinit$$00000019)
    __rt_lib_init_preinit_1                  0x000000f3   Thumb Code     0  libinit2.o(.ARM.Collect$$libinit$$00000004)
    __rt_lib_init_rand_1                     0x000000f3   Thumb Code     0  libinit2.o(.ARM.Collect$$libinit$$0000000E)
    __rt_lib_init_return                     0x000000f3   Thumb Code     0  libinit2.o(.ARM.Collect$$libinit$$00000033)
    __rt_lib_init_signal_1                   0x000000f3   Thumb Code     0  libinit2.o(.ARM.Collect$$libinit$$0000001D)
    __rt_lib_init_stdio_1                    0x000000f3   Thumb Code     0  libinit2.o(.ARM.Collect$$libinit$$00000025)
    __rt_lib_init_user_alloc_1               0x000000f3   Thumb Code     0  libinit2.o(.ARM.Collect$$libinit$$0000000C)
    __rt_lib_shutdown                        0x000000f5   Thumb Code     0  libshutdown.o(.ARM.Collect$$libshutdown$$00000000)
    __rt_lib_shutdown_cpp_1                  0x000000f7   Thumb Code     0  libshutdown2.o(.ARM.Collect$$libshutdown$$00000004)
    __rt_lib_shutdown_fini_1                 0x000000f7   Thumb Code     0  libshutdown2.o(.ARM.Collect$$libshutdown$$00000002)
    __rt_lib_shutdown_fp_trap_1              0x000000f7   Thumb Code     0  libshutdown2.o(.ARM.Collect$$libshutdown$$00000009)
    __rt_lib_shutdown_heap_1                 0x000000f7   Thumb Code     0  libshutdown2.o(.ARM.Collect$$libshutdown$$00000011)
    __rt_lib_shutdown_return                 0x000000f7   Thumb Code     0  libshutdown2.o(.ARM.Collect$$libshutdown$$00000012)
    __rt_lib_shutdown_signal_1               0x000000f7   Thumb Code     0  libshutdown2.o(.ARM.Collect$$libshutdown$$0000000C)
    __rt_lib_shutdown_stdio_1                0x000000f7   Thumb Code     0  libshutdown2.o(.ARM.Collect$$libshutdown$$00000006)
    __rt_lib_shutdown_user_alloc_1           0x000000f7   Thumb Code     0  libshutdown2.o(.ARM.Collect$$libshutdown$$0000000E)
    __rt_entry                               0x000000f9   Thumb Code     0  __rtentry.o(.ARM.Collect$$rtentry$$00000000)
    __rt_entry_presh_1                       0x000000f9   Thumb Code     0  __rtentry2.o(.ARM.Collect$$rtentry$$00000002)
    __rt_entry_sh                            0x000000f9   Thumb Code     0  __rtentry4.o(.ARM.Collect$$rtentry$$00000004)
    __rt_entry_li                            0x000000ff   Thumb Code     0  __rtentry2.o(.ARM.Collect$$rtentry$$0000000A)
    __rt_entry_postsh_1                      0x000000ff   Thumb Code     0  __rtentry2.o(.ARM.Collect$$rtentry$$00000009)
    __rt_entry_main                          0x00000103   Thumb Code     0  __rtentry2.o(.ARM.Collect$$rtentry$$0000000D)
    __rt_entry_postli_1                      0x00000103   Thumb Code     0  __rtentry2.o(.ARM.Collect$$rtentry$$0000000C)
    __rt_exit                                0x0000010b   Thumb Code     0  rtexit.o(.ARM.Collect$$rtexit$$00000000)
    __rt_exit_ls                             0x0000010d   Thumb Code     0  rtexit2.o(.ARM.Collect$$rtexit$$00000003)
    __rt_exit_prels_1                        0x0000010d   Thumb Code     0  rtexit2.o(.ARM.Collect$$rtexit$$00000002)
    __rt_exit_exit                           0x00000111   Thumb Code     0  rtexit2.o(.ARM.Collect$$rtexit$$00000004)
    boundary_hit                             0x00000119   Thumb Code   138  main.o(.text)
    Game_Init                                0x000001a3   Thumb Code   354  main.o(.text)
    Game_Close                               0x00000305   Thumb Code    42  main.o(.text)
    target_gen                               0x0000032f   Thumb Code    92  main.o(.text)
    GameOver                                 0x0000038b   Thumb Code    74  main.o(.text)
    UART_ISR                                 0x000003d5   Thumb Code  1102  main.o(.text)
    Timer_ISR                                0x00000823   Thumb Code  1860  main.o(.text)
    main                                     0x00000f67   Thumb Code   238  main.o(.text)
    Reset_Handler                            0x00001079   Thumb Code     4  cm0dsasm.o(.text)
    Timer_Handler                            0x0000107d   Thumb Code     8  cm0dsasm.o(.text)
    UART_Handler                             0x00001085   Thumb Code     8  cm0dsasm.o(.text)
    __user_initial_stackheap                 0x0000108d   Thumb Code     0  cm0dsasm.o(.text)
    VGA_plot_pixel                           0x000010ad   Thumb Code    14  edk_driver.o(.text)
    seven_seg_write                          0x000010bb   Thumb Code    16  edk_driver.o(.text)
    timer_init                               0x000010cb   Thumb Code    40  edk_driver.o(.text)
    timer_enable                             0x000010f3   Thumb Code    18  edk_driver.o(.text)
    timer_irq_clear                          0x00001105   Thumb Code    10  edk_driver.o(.text)
    GPIO_read                                0x0000110f   Thumb Code    14  edk_driver.o(.text)
    GPIO_write                               0x0000111d   Thumb Code    14  edk_driver.o(.text)
    clear_screen                             0x0000119f   Thumb Code    34  edk_api.o(.text)
    SoC_init                                 0x000011c1   Thumb Code    44  edk_api.o(.text)
    Display_Int_Times                        0x000011ed   Thumb Code   100  edk_api.o(.text)
    rectangle                                0x00001251   Thumb Code    46  edk_api.o(.text)
    read_switch                              0x0000127f   Thumb Code     8  edk_api.o(.text)
    write_LED                                0x00001287   Thumb Code    12  edk_api.o(.text)
    delay                                    0x00001293   Thumb Code    12  edk_api.o(.text)
    random                                   0x0000129f   Thumb Code    40  edk_api.o(.text)
    VGAPutc                                  0x000012e1   Thumb Code     8  retarget.o(.text)
    UartPutc                                 0x000012e9   Thumb Code     8  retarget.o(.text)
    UartGetc                                 0x000012f1   Thumb Code    10  retarget.o(.text)
    KBHIT                                    0x000012fb   Thumb Code    22  retarget.o(.text)
    fputc                                    0x00001311   Thumb Code    14  retarget.o(.text)
    fgetc                                    0x0000131f   Thumb Code    10  retarget.o(.text)
    ferror                                   0x00001329   Thumb Code    12  retarget.o(.text)
    _ttywrch                                 0x00001335   Thumb Code    12  retarget.o(.text)
    _sys_exit                                0x00001341   Thumb Code     4  retarget.o(.text)
    __I$use$semihosting                      0x00001345   Thumb Code     0  use_no_semi.o(.text)
    __use_no_semihosting_swi                 0x00001345   Thumb Code     2  use_no_semi.o(.text)
    __2printf                                0x00001349   Thumb Code    22  noretval__2printf.o(.text)
    __printf                                 0x00001365   Thumb Code   108  __printf.o(.text)
    _printf_int_dec                          0x000013d1   Thumb Code    90  _printf_dec.o(.text)
    __aeabi_uidiv                            0x0000143d   Thumb Code     0  aeabi_sdiv.o(.text)
    __aeabi_uidivmod                         0x0000143d   Thumb Code    20  aeabi_sdiv.o(.text)
    __aeabi_idiv                             0x00001451   Thumb Code     0  aeabi_sdiv.o(.text)
    __aeabi_idivmod                          0x00001451   Thumb Code   326  aeabi_sdiv.o(.text)
    __use_two_region_memory                  0x00001597   Thumb Code     2  heapauxi.o(.text)
    __rt_heap_escrow$2region                 0x00001599   Thumb Code     2  heapauxi.o(.text)
    __rt_heap_expand$2region                 0x0000159b   Thumb Code     2  heapauxi.o(.text)
    _printf_int_common                       0x0000159d   Thumb Code   176  _printf_intcommon.o(.text)
    _printf_char_file                        0x0000164d   Thumb Code    34  _printf_char_file.o(.text)
    __rt_udiv10                              0x00001675   Thumb Code    40  rtudiv10.o(.text)
    _printf_char_common                      0x000016a7   Thumb Code    32  _printf_char_common.o(.text)
    __user_setup_stackheap                   0x000016cd   Thumb Code    62  sys_stackheap_outer.o(.text)
    exit                                     0x0000170b   Thumb Code    16  exit.o(.text)
    __user_libspace                          0x0000171d   Thumb Code     8  libspace.o(.text)
    __user_perproc_libspace                  0x0000171d   Thumb Code     0  libspace.o(.text)
    __user_perthread_libspace                0x0000171d   Thumb Code     0  libspace.o(.text)
    Region$$Table$$Base                      0x000018fc   Number         0  anon$$obj.o(Region$$Table)
    Region$$Table$$Limit                     0x0000190c   Number         0  anon$$obj.o(Region$$Table)
    __stdout                                 0x00001964   Data           4  retarget.o(.data)
    __stdin                                  0x00001968   Data           4  retarget.o(.data)
    target                                   0x0000196c   Data          12  main.o(.bss)
    snake1                                   0x00001978   Data         808  main.o(.bss)
    snake2                                   0x00001ca0   Data         808  main.o(.bss)
    __libspace_start                         0x00001fc8   Data          96  libspace.o(.bss)
    __temporary_stack_top$libspace           0x00002028   Data           0  libspace.o(.bss)



==============================================================================

Memory Map of the image

  Image Entry point : 0x00001079

  Load Region LR_1 (Base: 0x00000000, Size: 0x0000196c, Max: 0xffffffff, ABSOLUTE)

    Execution Region ER_RO (Exec base: 0x00000000, Load base: 0x00000000, Size: 0x0000190c, Max: 0xffffffff, ABSOLUTE)

    Exec Addr    Load Addr    Size         Type   Attr      Idx    E Section Name        Object

    0x00000000   0x00000000   0x00000080   Data   RO           56    RESET               cm0dsasm.o
    0x00000080   0x00000080   0x00000008   Code   RO          190  * !!!main             c_p.l(__main.o)
    0x00000088   0x00000088   0x0000003c   Code   RO          366    !!!scatter          c_p.l(__scatter.o)
    0x000000c4   0x000000c4   0x0000001c   Code   RO          368    !!handler_zi        c_p.l(__scatter_zi.o)
    0x000000e0   0x000000e0   0x00000002   Code   RO          183    .ARM.Collect$$_printf_percent$$00000000  c_p.l(_printf_percent.o)
    0x000000e2   0x000000e2   0x0000000a   Code   RO          182    .ARM.Collect$$_printf_percent$$00000009  c_p.l(_printf_d.o)
    0x000000ec   0x000000ec   0x00000004   Code   RO          201    .ARM.Collect$$_printf_percent$$00000017  c_p.l(_printf_percent_end.o)
    0x000000f0   0x000000f0   0x00000002   Code   RO          239    .ARM.Collect$$libinit$$00000000  c_p.l(libinit.o)
    0x000000f2   0x000000f2   0x00000000   Code   RO          253    .ARM.Collect$$libinit$$00000002  c_p.l(libinit2.o)
    0x000000f2   0x000000f2   0x00000000   Code   RO          255    .ARM.Collect$$libinit$$00000004  c_p.l(libinit2.o)
    0x000000f2   0x000000f2   0x00000000   Code   RO          258    .ARM.Collect$$libinit$$0000000A  c_p.l(libinit2.o)
    0x000000f2   0x000000f2   0x00000000   Code   RO          260    .ARM.Collect$$libinit$$0000000C  c_p.l(libinit2.o)
    0x000000f2   0x000000f2   0x00000000   Code   RO          262    .ARM.Collect$$libinit$$0000000E  c_p.l(libinit2.o)
    0x000000f2   0x000000f2   0x00000000   Code   RO          265    .ARM.Collect$$libinit$$00000011  c_p.l(libinit2.o)
    0x000000f2   0x000000f2   0x00000000   Code   RO          267    .ARM.Collect$$libinit$$00000013  c_p.l(libinit2.o)
    0x000000f2   0x000000f2   0x00000000   Code   RO          269    .ARM.Collect$$libinit$$00000015  c_p.l(libinit2.o)
    0x000000f2   0x000000f2   0x00000000   Code   RO          271    .ARM.Collect$$libinit$$00000017  c_p.l(libinit2.o)
    0x000000f2   0x000000f2   0x00000000   Code   RO          273    .ARM.Collect$$libinit$$00000019  c_p.l(libinit2.o)
    0x000000f2   0x000000f2   0x00000000   Code   RO          275    .ARM.Collect$$libinit$$0000001B  c_p.l(libinit2.o)
    0x000000f2   0x000000f2   0x00000000   Code   RO          277    .ARM.Collect$$libinit$$0000001D  c_p.l(libinit2.o)
    0x000000f2   0x000000f2   0x00000000   Code   RO          279    .ARM.Collect$$libinit$$0000001F  c_p.l(libinit2.o)
    0x000000f2   0x000000f2   0x00000000   Code   RO          281    .ARM.Collect$$libinit$$00000021  c_p.l(libinit2.o)
    0x000000f2   0x000000f2   0x00000000   Code   RO          283    .ARM.Collect$$libinit$$00000023  c_p.l(libinit2.o)
    0x000000f2   0x000000f2   0x00000000   Code   RO          285    .ARM.Collect$$libinit$$00000025  c_p.l(libinit2.o)
    0x000000f2   0x000000f2   0x00000000   Code   RO          289    .ARM.Collect$$libinit$$0000002C  c_p.l(libinit2.o)
    0x000000f2   0x000000f2   0x00000000   Code   RO          291    .ARM.Collect$$libinit$$0000002E  c_p.l(libinit2.o)
    0x000000f2   0x000000f2   0x00000000   Code   RO          293    .ARM.Collect$$libinit$$00000030  c_p.l(libinit2.o)
    0x000000f2   0x000000f2   0x00000000   Code   RO          295    .ARM.Collect$$libinit$$00000032  c_p.l(libinit2.o)
    0x000000f2   0x000000f2   0x00000002   Code   RO          296    .ARM.Collect$$libinit$$00000033  c_p.l(libinit2.o)
    0x000000f4   0x000000f4   0x00000002   Code   RO          320    .ARM.Collect$$libshutdown$$00000000  c_p.l(libshutdown.o)
    0x000000f6   0x000000f6   0x00000000   Code   RO          346    .ARM.Collect$$libshutdown$$00000002  c_p.l(libshutdown2.o)
    0x000000f6   0x000000f6   0x00000000   Code   RO          348    .ARM.Collect$$libshutdown$$00000004  c_p.l(libshutdown2.o)
    0x000000f6   0x000000f6   0x00000000   Code   RO          350    .ARM.Collect$$libshutdown$$00000006  c_p.l(libshutdown2.o)
    0x000000f6   0x000000f6   0x00000000   Code   RO          353    .ARM.Collect$$libshutdown$$00000009  c_p.l(libshutdown2.o)
    0x000000f6   0x000000f6   0x00000000   Code   RO          356    .ARM.Collect$$libshutdown$$0000000C  c_p.l(libshutdown2.o)
    0x000000f6   0x000000f6   0x00000000   Code   RO          358    .ARM.Collect$$libshutdown$$0000000E  c_p.l(libshutdown2.o)
    0x000000f6   0x000000f6   0x00000000   Code   RO          361    .ARM.Collect$$libshutdown$$00000011  c_p.l(libshutdown2.o)
    0x000000f6   0x000000f6   0x00000002   Code   RO          362    .ARM.Collect$$libshutdown$$00000012  c_p.l(libshutdown2.o)
    0x000000f8   0x000000f8   0x00000000   Code   RO          192    .ARM.Collect$$rtentry$$00000000  c_p.l(__rtentry.o)
    0x000000f8   0x000000f8   0x00000000   Code   RO          205    .ARM.Collect$$rtentry$$00000002  c_p.l(__rtentry2.o)
    0x000000f8   0x000000f8   0x00000006   Code   RO          217    .ARM.Collect$$rtentry$$00000004  c_p.l(__rtentry4.o)
    0x000000fe   0x000000fe   0x00000000   Code   RO          207    .ARM.Collect$$rtentry$$00000009  c_p.l(__rtentry2.o)
    0x000000fe   0x000000fe   0x00000004   Code   RO          208    .ARM.Collect$$rtentry$$0000000A  c_p.l(__rtentry2.o)
    0x00000102   0x00000102   0x00000000   Code   RO          210    .ARM.Collect$$rtentry$$0000000C  c_p.l(__rtentry2.o)
    0x00000102   0x00000102   0x00000008   Code   RO          211    .ARM.Collect$$rtentry$$0000000D  c_p.l(__rtentry2.o)
    0x0000010a   0x0000010a   0x00000002   Code   RO          244    .ARM.Collect$$rtexit$$00000000  c_p.l(rtexit.o)
    0x0000010c   0x0000010c   0x00000000   Code   RO          298    .ARM.Collect$$rtexit$$00000002  c_p.l(rtexit2.o)
    0x0000010c   0x0000010c   0x00000004   Code   RO          299    .ARM.Collect$$rtexit$$00000003  c_p.l(rtexit2.o)
    0x00000110   0x00000110   0x00000006   Code   RO          300    .ARM.Collect$$rtexit$$00000004  c_p.l(rtexit2.o)
    0x00000116   0x00000116   0x00000002   PAD
    0x00000118   0x00000118   0x00000f60   Code   RO            3    .text               main.o
    0x00001078   0x00001078   0x00000034   Code   RO           57  * .text               cm0dsasm.o
    0x000010ac   0x000010ac   0x00000084   Code   RO           63    .text               edk_driver.o
    0x00001130   0x00001130   0x000001b0   Code   RO           91    .text               edk_api.o
    0x000012e0   0x000012e0   0x00000064   Code   RO          116    .text               retarget.o
    0x00001344   0x00001344   0x00000002   Code   RO          152    .text               c_p.l(use_no_semi.o)
    0x00001346   0x00001346   0x00000002   PAD
    0x00001348   0x00001348   0x0000001c   Code   RO          156    .text               c_p.l(noretval__2printf.o)
    0x00001364   0x00001364   0x0000006c   Code   RO          158    .text               c_p.l(__printf.o)
    0x000013d0   0x000013d0   0x0000006c   Code   RO          160    .text               c_p.l(_printf_dec.o)
    0x0000143c   0x0000143c   0x0000015a   Code   RO          184    .text               c_p.l(aeabi_sdiv.o)
    0x00001596   0x00001596   0x00000006   Code   RO          188    .text               c_p.l(heapauxi.o)
    0x0000159c   0x0000159c   0x000000b0   Code   RO          197    .text               c_p.l(_printf_intcommon.o)
    0x0000164c   0x0000164c   0x00000028   Code   RO          199    .text               c_p.l(_printf_char_file.o)
    0x00001674   0x00001674   0x00000028   Code   RO          202    .text               c_p.l(rtudiv10.o)
    0x0000169c   0x0000169c   0x00000030   Code   RO          221    .text               c_p.l(_printf_char_common.o)
    0x000016cc   0x000016cc   0x0000003e   Code   RO          223    .text               c_p.l(sys_stackheap_outer.o)
    0x0000170a   0x0000170a   0x00000010   Code   RO          228    .text               c_p.l(exit.o)
    0x0000171a   0x0000171a   0x00000002   PAD
    0x0000171c   0x0000171c   0x00000008   Code   RO          240    .text               c_p.l(libspace.o)
    0x00001724   0x00001724   0x000001d5   Data   RO            5    .conststring        main.o
    0x000018f9   0x000018f9   0x00000003   PAD
    0x000018fc   0x000018fc   0x00000010   Data   RO          364    Region$$Table       anon$$obj.o


    Execution Region ER_RW (Exec base: 0x0000190c, Load base: 0x0000190c, Size: 0x00000060, Max: 0xffffffff, ABSOLUTE)

    Exec Addr    Load Addr    Size         Type   Attr      Idx    E Section Name        Object

    0x0000190c   0x0000190c   0x00000050   Data   RW            6    .data               main.o
    0x0000195c   0x0000195c   0x00000004   Data   RW           92    .data               edk_api.o
    0x00001960   0x00001960   0x0000000c   Data   RW          117    .data               retarget.o


    Execution Region ER_ZI (Exec base: 0x0000196c, Load base: 0x0000196c, Size: 0x00000ec4, Max: 0xffffffff, ABSOLUTE)

    Exec Addr    Load Addr    Size         Type   Attr      Idx    E Section Name        Object

    0x0000196c        -       0x0000065c   Zero   RW            4    .bss                main.o
    0x00001fc8        -       0x00000060   Zero   RW          241    .bss                c_p.l(libspace.o)
    0x00002028   0x0000196c   0x00000008   PAD
    0x00002030        -       0x00000400   Zero   RW           55    HEAP                cm0dsasm.o
    0x00002430        -       0x00000400   Zero   RW           54    STACK               cm0dsasm.o


==============================================================================

Image component sizes


      Code (inc. data)   RO Data    RW Data    ZI Data      Debug   Object Name

        52         22        128          0       2048        456   cm0dsasm.o
       432         26          0          4          0       2427   edk_api.o
       132          6          0          0          0       1694   edk_driver.o
      3936       1126        469         80       1628      15451   main.o
       100          0          0         12          0       3782   retarget.o

    ----------------------------------------------------------------------
      4652       1180        616         96       3676      23810   Object Totals
         0          0         16          0          0          0   (incl. Generated)
         0          0          3          0          0          0   (incl. Padding)

    ----------------------------------------------------------------------

      Code (inc. data)   RO Data    RW Data    ZI Data      Debug   Library Member Name

         8          0          0          0          0         68   __main.o
       108          0          0          0          0         76   __printf.o
         0          0          0          0          0          0   __rtentry.o
        12          0          0          0          0          0   __rtentry2.o
         6          0          0          0          0          0   __rtentry4.o
        60          8          0          0          0          0   __scatter.o
        28          0          0          0          0          0   __scatter_zi.o
        48          6          0          0          0         88   _printf_char_common.o
        40          6          0          0          0         72   _printf_char_file.o
        10          0          0          0          0          0   _printf_d.o
       108         18          0          0          0         76   _printf_dec.o
       176          0          0          0          0         84   _printf_intcommon.o
         2          0          0          0          0          0   _printf_percent.o
         4          0          0          0          0          0   _printf_percent_end.o
       346          0          0          0          0         92   aeabi_sdiv.o
        16          0          0          0          0         68   exit.o
         6          0          0          0          0        136   heapauxi.o
         2          0          0          0          0          0   libinit.o
         2          0          0          0          0          0   libinit2.o
         2          0          0          0          0          0   libshutdown.o
         2          0          0          0          0          0   libshutdown2.o
         8          4          0          0         96         68   libspace.o
        28          6          0          0          0         84   noretval__2printf.o
         2          0          0          0          0          0   rtexit.o
        10          0          0          0          0          0   rtexit2.o
        40          0          0          0          0         60   rtudiv10.o
        62          0          0          0          0         80   sys_stackheap_outer.o
         2          0          0          0          0         68   use_no_semi.o

    ----------------------------------------------------------------------
      1144         48          0          0        104       1120   Library Totals
         6          0          0          0          8          0   (incl. Padding)

    ----------------------------------------------------------------------

      Code (inc. data)   RO Data    RW Data    ZI Data      Debug   Library Name

      1138         48          0          0         96       1120   c_p.l

    ----------------------------------------------------------------------
      1144         48          0          0        104       1120   Library Totals

    ----------------------------------------------------------------------

==============================================================================


      Code (inc. data)   RO Data    RW Data    ZI Data      Debug   

      5796       1228        616         96       3780      24146   Grand Totals
      5796       1228        616         96       3780      24146   ELF Image Totals
      5796       1228        616         96          0          0   ROM Totals

==============================================================================

    Total RO  Size (Code + RO Data)                 6412 (   6.26kB)
    Total RW  Size (RW Data + ZI Data)              3876 (   3.79kB)
    Total ROM Size (Code + RO Data + RW Data)       6508 (   6.36kB)

==============================================================================

